Digital Media Professionals (R) Vertex Shader Linker ver 2.12
Copyright (C) Digital Media Professionals Inc. 2009-2010. All rights reserved.

========================================================================================

Loading objects order

    1. fxobjs/Shape.vobj
    2. fxobjs/Sprite.vobj
    3. fxobjs/Sprite.gobj
    4. fxobjs/std.vobj
    5. fxobjs/HemiRimBump.vobj
    6. fxobjs/ShadowRender.vobj
    7. fxobjs/CopyBuffer.vobj
    8. fxobjs/Simple.vobj
    9. fxobjs/ForTouch.vobj

========================================================================================

Image sizes

   Instruction   Swizzle    Object name
            22         8    fxobjs/Shape.vobj
            64        15    fxobjs/Sprite.vobj
            21         7    fxobjs/std.vobj
           177        20    fxobjs/transform.vobj
           130        46    fxobjs/HemiRimBump.vobj
             3         0    fxobjs/ShadowRender.vobj
            10         3    fxobjs/CopyBuffer.vobj
            21        11    fxobjs/Simple.vobj
             3         0    fxobjs/ForTouch.vobj
            25         7    fxobjs/Sprite.gobj
    --------------------------------------------------------
           476        58    Total
    --------------------------------------------------------

========================================================================================


Program code information

    Program code offset   Program code size
    =================================================
    0x00000054            0x00000770

========================================================================================

fxobjs/Shape.vobj information

  Symbol information

    Register        Symbol name
    ============================================
           c0  - c3       Projection
           c4  - c6       View
           c10 - c12      LocalWorld
           c17 - c19      ShapeTM
           c20 - c20      Color
           v0  - v0       aPosition.xyz
           v1  - v1       aColor


  Outmap information

    Register        Attribute name
    ============================================
           o0 .xyzw       position
           o1 .xyzw       color

  Main address

    0x0000

========================================================================================

fxobjs/Sprite.vobj information

  Symbol information

    Register        Symbol name
    ============================================
           b0  - b0       Is3DSprite
           c0  - c3       Projection
           c4  - c6       View
           c90 - c92      LocalWorld
           v0  - v0       aTMX
           v1  - v1       aTMY
           v2  - v2       aTMZ
           v3  - v3       aOffset.xyz
           v4  - v4       aSize.xy
           v5  - v5       aTexCoord
           v6  - v6       aColor0
           v7  - v7       aColor1
           v8  - v8       aColor2
           v9  - v9       aColor3


  Outmap information

    Register        Attribute name
    ============================================
           o0 .xyzw       generic
           o1 .xyzw       generic
           o2 .xyzw       generic
           o3 .xyzw       generic
           o4 .xyzw       generic
           o5 .xyzw       generic
           o6 .xyzw       generic
           o7 .xyzw       generic
           o8 .xyzw       generic

  Main address

    0x0016

========================================================================================

fxobjs/Sprite.gobj information

  Symbol information

    Register        Symbol name
    ============================================
           v0  - v0       dummy_input0


  Outmap information

    Register        Attribute name
    ============================================
           o0 .xyzw       position
           o1 .xyzw       color
           o2 .xy         texcoord0

  Main address

    0x01c3

========================================================================================

fxobjs/std.vobj information

  Symbol information

    Register        Symbol name
    ============================================
           b1  - b1       IsSmoothSkinning
           b2  - b2       hasVertexColor
           b3  - b3       hasVertexTexCoord2
           b5  - b5       hasTangent
           b6  - b6       hasNormal
           b7  - b7       useHemiSphereLighting
           b8  - b8       useSpecularLighting
           b9  - b9       hasTex2
           b11 - b11      hasVertexAnime
           c0  - c3       Projection
           c4  - c6       View
           c7  - c7       VARate
           c10 - c12      LocalWorld
           c13 - c14      TexTM0
           c15 - c16      TexTM1
           c17 - c19      worldInvT
           c20 - c89      BlendOffsets
           c92 - c92      MaterialDiffuse
           v0  - v0       POSITION.xyz
           v1  - v1       NORMAL.xyz
           v2  - v2       TEXCOORD0.xy
           v3  - v3       TEXCOORD1.xy
           v4  - v4       TEXCOORD2.xy
           v5  - v5       COLOR
           v6  - v6       TANGENT
           v7  - v7       BLENDINDICES
           v8  - v8       BLENDWEIGHT
           v9  - v9       POSITION1.xyz
           v10 - v10      NORMAL1.xyz
           v11 - v11      TANGENT1.xyz
           v12 - v12      POSITION2.xyz
           v13 - v13      NORMAL2.xyz
           v14 - v14      TANGENT2.xyz


  Outmap information

    Register        Attribute name
    ============================================
           o0 .xyzw       position
           o1 .xyzw       color
           o2 .xy         texcoord0
           o3 .xy         texcoord1

  Main address

    0x005b

========================================================================================

fxobjs/HemiRimBump.vobj information

  Symbol information

    Register        Symbol name
    ============================================
           b1  - b1       IsSmoothSkinning
           b2  - b2       hasVertexColor
           b3  - b3       hasVertexTexCoord2
           b5  - b5       hasTangent
           b6  - b6       hasNormal
           b10 - b10      EnableShadow
           b11 - b11      hasVertexAnime
           c0  - c3       Projection
           c4  - c6       View
           c7  - c7       VARate
           c10 - c12      LocalWorld
           c13 - c14      TexTM0
           c15 - c16      TexTM1
           c17 - c19      WorldInvT
           c20 - c83      BlendOffsets
           c89 - c89      HemiColorU
           c90 - c90      HemiColorM
           c91 - c91      HemiColorL
           c92 - c92      HemiLightDir
           c85 - c88      ShadowTexTM
           v0  - v0       POSITION.xyz
           v1  - v1       NORMAL.xyz
           v2  - v2       TEXCOORD0.xy
           v3  - v3       TEXCOORD1.xy
           v4  - v4       TEXCOORD2.xy
           v5  - v5       COLOR
           v6  - v6       TANGENT
           v7  - v7       BLENDINDICES
           v8  - v8       BLENDWEIGHT


  Outmap information

    Register        Attribute name
    ============================================
           o0 .xyzw       position
           o1 .xyzw       color
           o2 .xy         texcoord0
           o2 .  z        texcoord0w
           o3 .xy         texcoord1
           o4 .xy         texcoord2
           o6 .xyzw       quaternion
           o5 .xyzw       view

  Main address

    0x011c

========================================================================================

fxobjs/ShadowRender.vobj information

  Symbol information

    Register        Symbol name
    ============================================
           v0  - v0       POSITION.xyz


  Outmap information

    Register        Attribute name
    ============================================
           o0 .xyzw       position

  Main address

    0x019e

========================================================================================

fxobjs/CopyBuffer.vobj information

  Symbol information

    Register        Symbol name
    ============================================
           b3  - b3       hasVertexTexCoord2
           v0  - v0       POSITION.xy
           v2  - v2       TEXCOORD0.xy
           v3  - v3       TEXCOORD1.xy
           v4  - v4       TEXCOORD2.xy


  Outmap information

    Register        Attribute name
    ============================================
           o0 .xyzw       position
           o2 .xy         texcoord0
           o3 .xy         texcoord1
           o4 .xy         texcoord2

  Main address

    0x01a1

========================================================================================

fxobjs/Simple.vobj information

  Symbol information

    Register        Symbol name
    ============================================
           b1  - b1       IsSmoothSkinning
           b2  - b2       hasVertexColor
           b10 - b10      EnableShadow
           b11 - b11      hasVertexAnime
           c0  - c3       Projection
           c4  - c6       View
           c7  - c7       VARate
           c10 - c12      LocalWorld
           c13 - c14      TexTM0
           c15 - c16      TexTM1
           c17 - c19      WorldInvT
           c20 - c83      BlendOffsets
           c85 - c88      ShadowTexTM
           v0  - v0       POSITION.xyz
           v1  - v1       NORMAL.xyz
           v2  - v2       TEXCOORD0.xy
           v3  - v3       TEXCOORD1.xy
           v4  - v4       TEXCOORD2.xy
           v5  - v5       COLOR
           v6  - v6       TANGENT
           v7  - v7       BLENDINDICES
           v8  - v8       BLENDWEIGHT


  Outmap information

    Register        Attribute name
    ============================================
           o0 .xyzw       position
           o1 .xyzw       color
           o2 .xy         texcoord0
           o2 .  z        texcoord0w
           o3 .xy         texcoord1

  Main address

    0x01ab

========================================================================================

fxobjs/ForTouch.vobj information

  Symbol information

    Register        Symbol name
    ============================================
           b1  - b1       IsSmoothSkinning
           b2  - b2       hasVertexColor
           b5  - b5       hasTangent
           b6  - b6       hasNormal
           b11 - b11      hasVertexAnime
           c0  - c3       Projection
           c4  - c6       View
           c10 - c12      LocalWorld
           c20 - c83      BlendOffsets
           v0  - v0       POSITION.xyz
           v7  - v7       BLENDINDICES
           v8  - v8       BLENDWEIGHT


  Outmap information

    Register        Attribute name
    ============================================
           o0 .xyzw       position

  Main address

    0x01c0

========================================================================================

Swizzle pattern data

    0x8d86dfef
    0x8d86c36e
    0x8d86c36f
    0x8da14c1f
    0x8000034e
    0x803fcaa1
    0x8006c368
    0x8006c364
    0x8006c362
    0x8006caaf
    0x8006c361
    0x8006c36c
    0x80000003
    0x80000023
    0x802fc2ac
    0x802542ac
    0x800fc2ac
    0x800542ac
    0x800000a3
    0x802fc008
    0x8006c348
    0x8006c344
    0x8006c342
    0x8006e36e
    0x8015600f
    0x803fc001
    0x80156aa8
    0x80001548
    0x80155541
    0x80001fe8
    0x80001fe1
    0x8006c37f
    0x000000af
    0x0006d54f
    0x0006e36f
    0x002a8ab4
    0x002a8aaf
    0x00000002
    0x0000080e
    0x00214c0f
    0x003fc34e
    0x003fc36f
    0x0017feaa
    0x002aa004
    0x001012a0
    0x00004b6f
    0x0000354f
    0x003c4367
    0x000057af
    0x002aaaa2
    0x0005c36d
    0x00000371
    0x00004bcf
    0x002aaaa4
    0x00002aaf
    0x003d036b
    0x000017ec
    0x000a82ac

========================================================================================

